// Jest Snapshot v1, https://goo.gl/fbAQLP

exports[`should render MovieListItem with props 1`] = `
<MuiThemeProvider>
  <div>
    <Card
      className="list-item__card"
      expandable={false}
      expanded={null}
      initiallyExpanded={false}
      onClick={[Function]}
      onMouseLeave={[Function]}
      onMouseOver={[Function]}
    >
      <CardMedia
        className="list-item__cardMedia"
        overlay={
          <CardTitle
            subtitle="Walsh Mertie - Drama@april.biz"
            title="Absolute Bite"
          />
        }
      >
        <Modal
          show={false}
        >
          <Connect(MovieEdit)
            id="1"
            onClose={[Function]}
          />
        </Modal>
        <img
          className="list-item__bgImage"
          src="12345"
        />
      </CardMedia>
    </Card>
  </div>
</MuiThemeProvider>
`;
