// Jest Snapshot v1, https://goo.gl/fbAQLP

exports[`should render MovieList with movies 1`] = `
<div
  className="content-container"
>
  <div
    className="list-body"
  >
    <MovieListItem
      director={
        Object {
          "gender": "Female",
          "name": "Walsh Mertie",
        }
      }
      genre="Drama@april.biz"
      id="1"
      key="1"
      poster_path="12345"
      release_date="12 June 2017"
      title="Absolute Bite"
    />
    <MovieListItem
      director={
        Object {
          "gender": "Male",
          "name": "Grady Macey",
        }
      }
      genre="Children"
      id="2"
      key="2"
      poster_path="12345"
      release_date="26 June 2017"
      title="Alarmed Department"
    />
    <MovieListItem
      director={
        Object {
          "gender": "Female",
          "name": "McKenzie Hertha",
        }
      }
      genre="Mystery"
      id="3"
      key="3"
      poster_path="12345"
      release_date="18 December 2017"
      title="Tight Ticket"
    />
  </div>
</div>
`;

exports[`should render MovieList without users 1`] = `
<div
  className="content-container"
>
  <div
    className="list-body"
  >
    <p>
      No movies Found
    </p>
  </div>
</div>
`;
