// Jest Snapshot v1, https://goo.gl/fbAQLP

exports[`should render MovieForm correctly 1`] = `
<form
  className="form"
  onSubmit={[Function]}
>
  <input
    autoFocus={true}
    className="text-input"
    onChange={[Function]}
    placeholder="title"
    type="text"
    value="Absolute Bite"
  />
  <input
    className="text-input"
    disabled={true}
    placeholder="gender"
    type="text"
    value="Drama@april.biz"
  />
  <input
    className="text-input"
    disabled={true}
    placeholder="director name"
    type="text"
    value="Walsh Mertie"
  />
  <input
    className="text-input"
    disabled={true}
    placeholder="director gender"
    type="text"
    value="Female"
  />
  <input
    className="text-input"
    disabled={true}
    placeholder="release date"
    type="text"
    value={"2017-06-11T21:00:00.000Z"}
  />
  <button
    className="button"
  >
    Edit Title / Close
  </button>
</form>
`;
