// Jest Snapshot v1, https://goo.gl/fbAQLP

exports[`should render MovieList with movies 1`] = `
<div
  className="content-container"
>
  <div
    className="list-body"
  >
    <MovieListItem
      director="Walsh Mertie"
      genre="Drama@april.biz"
      id="1"
      key="1"
      poster_path="12345"
      release_date="2017"
      runtime={120}
      title="Absolute Bite"
    />
    <MovieListItem
      director="Grady Macey"
      genre="Children"
      id="2"
      key="2"
      poster_path="12345"
      release_date="2017"
      runtime={130}
      title="Alarmed Department"
    />
    <MovieListItem
      director="McKenzie Hertha"
      genre="Mystery"
      id="3"
      key="3"
      poster_path="12345"
      release_date="2017"
      runtime={90}
      title="Tight Ticket"
    />
  </div>
</div>
`;

exports[`should render MovieList without users 1`] = `
<div
  className="content-container"
>
  <div
    className="list-body"
  >
    <p>
      No movies Found
    </p>
  </div>
</div>
`;
