// Jest Snapshot v1, https://goo.gl/fbAQLP

exports[`should render EditMoviePage correctly 1`] = `
<MovieForm
  movie={
    Object {
      "director": Object {
        "gender": "Female",
        "name": "Walsh Mertie",
      },
      "genre": "Drama@april.biz",
      "id": "1",
      "poster_path": "12345",
      "release_date": "12 June 2017",
      "title": "Absolute Bite",
    }
  }
  onSubmit={[Function]}
  remove={[Function]}
/>
`;
